== 10x3 ==




== 20x8 ==
r2  09:00





500/2000ml
? help · q quit

== 30x10 ==
r2  09:00







water 500/2000ml · breaks 0
? help · q quit

== 40x15 ==
r2  09:00












water 500/2000ml · breaks 0
w drink · b break · ? help · q quit

== 100x8 ==
r2  09:00





water 500/2000ml · breaks 0
w drink · b break · ? help · q quit

== 30x30 ==
r2  09:00



























water 500/2000ml · breaks 0
? help · q quit

== 80x24 ==
r2  09:00





















water 500/2000ml · breaks 0
w drink · b break · ? help · q quit

== 120x40 ==
r2  09:00





































water 500/2000ml · breaks 0
w drink · b break · ? help · q quit

